MPASM  5.51                          7SEG.ASM   9-27-2018  9:33:36         PAGE  1


LOC  OBJECT CODE     LINE SOURCE TEXT
  VALUE

Warning[205]: Found directive in column 1. (list)
                      00001 list p=16f84a
Warning[205]: Found directive in column 1. (include)
                      00002 include <p16f84a.inc>
                      00001         LIST
                      00002 
                      00003 ;==========================================================================
                      00004 ;  MPASM PIC16F84A processor include
                      00005 ; 
                      00006 ;  (c) Copyright 1999-2013 Microchip Technology, All rights reserved
                      00007 ;==========================================================================
                      00008 
                      00208         LIST
                      00003 
  0000000C            00004 TIME EQU H'0C'                          ;declara variable TIME
Warning[205]: Found directive in column 1. (ORG)
0000                  00005 ORG 0
                      00006 
0000   1683           00007 INICIO  bsf STATUS,RP0          ;diccionario 0
Message[302]: Register in operand not in bank 0.  Ensure that bank bits are correct.
0001   0186           00008                 clrf TRISB                      ;puerto b -> salida
0002   1283           00009                 bcf STATUS,RP0          ;diccionario 0
                      00010 
0003   307E           00011 ACTION  movlw B'1111110'        ;B -> 0
Message[302]: Register in operand not in bank 0.  Ensure that bank bits are correct.
0004   0086           00012                 movwf TRISB                     ;
0005   2022           00013                 call DELAY                      ;llamar subrutina
0006   3030           00014                 movlw B'0110000'        ;B -> 1
Message[302]: Register in operand not in bank 0.  Ensure that bank bits are correct.
0007   0086           00015                 movwf TRISB
0008   2022           00016                 call DELAY                      ;llamar subrutina
0009   306D           00017                 movlw B'1101101'        ;B -> 2
Message[302]: Register in operand not in bank 0.  Ensure that bank bits are correct.
000A   0086           00018                 movwf TRISB
000B   2022           00019                 call DELAY
000C   3079           00020                 movlw B'1111001'        ;B -> 3
Message[302]: Register in operand not in bank 0.  Ensure that bank bits are correct.
000D   0086           00021                 movwf TRISB
000E   2022           00022                 call DELAY
000F   3033           00023                 movlw B'0110011'        ;B -> 4
Message[302]: Register in operand not in bank 0.  Ensure that bank bits are correct.
0010   0086           00024                 movwf TRISB
0011   2022           00025                 call DELAY
0012   305B           00026                 movlw B'1011011'        ;B -> 5
Message[302]: Register in operand not in bank 0.  Ensure that bank bits are correct.
0013   0086           00027                 movwf TRISB
0014   2022           00028                 call DELAY
0015   305F           00029                 movlw B'1011111'        ;B -> 6
Message[302]: Register in operand not in bank 0.  Ensure that bank bits are correct.
0016   0086           00030                 movwf TRISB
0017   2022           00031                 call DELAY
0018   3070           00032                 movlw B'1110000'        ;B -> 7
Message[302]: Register in operand not in bank 0.  Ensure that bank bits are correct.
MPASM  5.51                          7SEG.ASM   9-27-2018  9:33:36         PAGE  2


LOC  OBJECT CODE     LINE SOURCE TEXT
  VALUE

0019   0086           00033                 movwf TRISB
001A   2022           00034                 call DELAY
001B   307F           00035                 movlw B'1111111'        ;B -> 8
Message[302]: Register in operand not in bank 0.  Ensure that bank bits are correct.
001C   0086           00036                 movwf TRISB
001D   2022           00037                 call DELAY
001E   307B           00038                 movlw B'1111011'        ;B -> 9
Message[302]: Register in operand not in bank 0.  Ensure that bank bits are correct.
001F   0086           00039                 movwf TRISB
0020   2022           00040                 call DELAY
0021   2803           00041                 goto ACTION                     ;ir a ACTION
                      00042 
0022   3064           00043 DELAY                   movlw D'100'    ;declarar contador
0023   008C           00044                                 movwf TIME      ;W -> TIME
Warning[207]: Found label after column 1. (DECREMENTO)
Message[305]: Using default destination of 1 (file).
0024   0B8C           00045         DECREMENTO      decfsz TIME     ;decrementar TIME
0025   2824           00046                                 goto DECREMENTO ;ir a DECREMENTO
Warning[203]: Found opcode in column 1. (RETURN)
0026   0008           00047 RETURN  ;salir de la subrrutina
                      00048                 
Warning[203]: Found opcode in column 1. (GOTO)
0027   2803           00049 GOTO ACTION
                      00050 
Warning[205]: Found directive in column 1. (END)
                      00051 END
MPASM  5.51                          7SEG.ASM   9-27-2018  9:33:36         PAGE  3


SYMBOL TABLE
  LABEL                             VALUE 

ACTION                            00000003
C                                 00000000
DC                                00000001
DECREMENTO                        00000024
DELAY                             00000022
EEADR                             00000009
EECON1                            00000088
EECON2                            00000089
EEDATA                            00000008
EEIE                              00000006
EEIF                              00000004
F                                 00000001
FSR                               00000004
GIE                               00000007
INDF                              00000000
INICIO                            00000000
INTCON                            0000000B
INTE                              00000004
INTEDG                            00000006
INTF                              00000001
IRP                               00000007
NOT_PD                            00000003
NOT_RBPU                          00000007
NOT_TO                            00000004
OPTION_REG                        00000081
PCL                               00000002
PCLATH                            0000000A
PORTA                             00000005
PORTB                             00000006
PS0                               00000000
PS1                               00000001
PS2                               00000002
PSA                               00000003
RA0                               00000000
RA1                               00000001
RA2                               00000002
RA3                               00000003
RA4                               00000004
RB0                               00000000
RB1                               00000001
RB2                               00000002
RB3                               00000003
RB4                               00000004
RB5                               00000005
RB6                               00000006
RB7                               00000007
RBIE                              00000003
RBIF                              00000000
RD                                00000000
RP0                               00000005
RP1                               00000006
STATUS                            00000003
T0CS                              00000005
MPASM  5.51                          7SEG.ASM   9-27-2018  9:33:36         PAGE  4


SYMBOL TABLE
  LABEL                             VALUE 

T0IE                              00000005
T0IF                              00000002
T0SE                              00000004
TIME                              0000000C
TMR0                              00000001
TMR0IE                            00000005
TMR0IF                            00000002
TRISA                             00000085
TRISA0                            00000000
TRISA1                            00000001
TRISA2                            00000002
TRISA3                            00000003
TRISA4                            00000004
TRISB                             00000086
TRISB0                            00000000
TRISB1                            00000001
TRISB2                            00000002
TRISB3                            00000003
TRISB4                            00000004
TRISB5                            00000005
TRISB6                            00000006
TRISB7                            00000007
W                                 00000000
WR                                00000001
WREN                              00000002
WRERR                             00000003
Z                                 00000002
_CONFIG                           00002007
_CP_OFF                           00003FFF
_CP_ON                            0000000F
_DEVID1                           00002006
_FOSC_EXTRC                       00003FFF
_FOSC_HS                          00003FFE
_FOSC_LP                          00003FFC
_FOSC_XT                          00003FFD
_HS_OSC                           00003FFE
_IDLOC0                           00002000
_IDLOC1                           00002001
_IDLOC2                           00002002
_IDLOC3                           00002003
_LP_OSC                           00003FFC
_PWRTE_OFF                        00003FFF
_PWRTE_ON                         00003FF7
_RC_OSC                           00003FFF
_WDTE_OFF                         00003FFB
_WDTE_ON                          00003FFF
_WDT_OFF                          00003FFB
_WDT_ON                           00003FFF
_XT_OSC                           00003FFD
__16F84A                          00000001
MPASM  5.51                          7SEG.ASM   9-27-2018  9:33:36         PAGE  5


MEMORY USAGE MAP ('X' = Used,  '-' = Unused)


0000 : XXXXXXXXXXXXXXXX XXXXXXXXXXXXXXXX XXXXXXXX-------- ----------------

All other memory blocks unused.

Program Memory Words Used:    40
Program Memory Words Free:   984


Errors   :     0
Warnings :     7 reported,     0 suppressed
Messages :    12 reported,     0 suppressed

