MPLINK 4.49, Linker
Linker Map File - Created Thu Sep 27 09:33:37 2018

                                 Section Info
                  Section       Type    Address   Location Size(Bytes)
                ---------  ---------  ---------  ---------  ---------
                   .org_0       code   0x000000    program   0x000000
                   .org_1       code   0x000000    program   0x000050



                              Program Memory Usage 
                               Start         End      
                           ---------   ---------      
                            0x000000    0x000027      
            40 out of 1094 program addresses used, program memory utilization is 3%



                              Symbols - Sorted by Name
                     Name    Address   Location    Storage File                     
                ---------  ---------  ---------  --------- ---------                
                   ACTION   0x000003    program     static C:\Users\HP-01\Documents\ensamblador\7seg.asm
               DECREMENTO   0x000024    program     static C:\Users\HP-01\Documents\ensamblador\7seg.asm
                    DELAY   0x000022    program     static C:\Users\HP-01\Documents\ensamblador\7seg.asm
                   INICIO   0x000000    program     static C:\Users\HP-01\Documents\ensamblador\7seg.asm



                              Symbols - Sorted by Address
                     Name    Address   Location    Storage File                     
                ---------  ---------  ---------  --------- ---------                
                   INICIO   0x000000    program     static C:\Users\HP-01\Documents\ensamblador\7seg.asm
                   ACTION   0x000003    program     static C:\Users\HP-01\Documents\ensamblador\7seg.asm
                    DELAY   0x000022    program     static C:\Users\HP-01\Documents\ensamblador\7seg.asm
               DECREMENTO   0x000024    program     static C:\Users\HP-01\Documents\ensamblador\7seg.asm


